// Jest Snapshot v1, https://goo.gl/fbAQLP

exports[`Angular test suite snapshots: angular.json set with architect.build.builder: "./linked_modules/custom-webpack-builder-dist-copy:browser and builder.options.customWebpackConfig.path: "./extra-webpack.config.js" Snapshot index.html: development build 1`] = `
"<!doctype html>
<html lang=\\"en\\">
<head>
  <meta charset=\\"utf-8\\">
  <title>AngularTest</title>
  <base href=\\"/\\">

  <meta name=\\"viewport\\" content=\\"width=device-width, initial-scale=1\\">
  <link rel=\\"icon\\" type=\\"image/x-icon\\" href=\\"favicon.ico\\">
<link href=\\"assets/bust-cached-font/libre-franklin/libre-franklin-v2-latin-400.woff2\\" as=\\"font\\" rel=\\"preload\\"><link href=\\"assets/bust-cached-font/rubik/rubik-v7-latin-300.woff2\\" as=\\"font\\" rel=\\"preload\\"><link href=\\"assets/bust-cached-font/rubik/rubik-v7-latin-400.woff2\\" as=\\"font\\" rel=\\"preload\\"><link href=\\"assets/bust-cached-font/rubik/rubik-v7-latin-500.woff2\\" as=\\"font\\" rel=\\"preload\\"><link href=\\"assets/bust-cached-font/rubik/rubik-v7-latin-700.woff2\\" as=\\"font\\" rel=\\"preload\\"></head>
<body>
  <app-root></app-root>
<script src=\\"runtime.js\\" defer></script><script src=\\"polyfills-es5.js\\" nomodule defer></script><script src=\\"polyfills.js\\" defer></script><script src=\\"styles.js\\" defer></script><script src=\\"vendor.js\\" defer></script><script src=\\"main.js\\" defer></script></body>
</html>
"
`;

exports[`Angular test suite snapshots: angular.json set with architect.build.builder: "./linked_modules/custom-webpack-builder-dist-copy:browser and builder.options.customWebpackConfig.path: "./extra-webpack.config.js" Snapshot index.html: production build 1`] = `
"<!doctype html>
<html lang=\\"en\\">
<head>
  <meta charset=\\"utf-8\\">
  <title>AngularTest</title>
  <base href=\\"/\\">

  <meta name=\\"viewport\\" content=\\"width=device-width, initial-scale=1\\">
  <link rel=\\"icon\\" type=\\"image/x-icon\\" href=\\"favicon.ico\\">
<link rel=\\"stylesheet\\" href=\\"styles.0e5d74c770da8e85b22e.css\\"><link href=\\"assets/bust-cached-font/libre-franklin/libre-franklin-v2-latin-400.8d503c823a91e889c0e7.woff2\\" as=\\"font\\" rel=\\"preload\\"><link href=\\"assets/bust-cached-font/rubik/rubik-v7-latin-300.eb02199844b4e2a0871c.woff2\\" as=\\"font\\" rel=\\"preload\\"><link href=\\"assets/bust-cached-font/rubik/rubik-v7-latin-400.1ecc21093d3c8aa44b3e.woff2\\" as=\\"font\\" rel=\\"preload\\"><link href=\\"assets/bust-cached-font/rubik/rubik-v7-latin-500.d3fd715f234b8dcdd09d.woff2\\" as=\\"font\\" rel=\\"preload\\"><link href=\\"assets/bust-cached-font/rubik/rubik-v7-latin-700.9aff6f99df5790ad5dbd.woff2\\" as=\\"font\\" rel=\\"preload\\"></head>
<body>
  <app-root></app-root>
<script src=\\"runtime.ee0aae13fb762b150814.js\\" defer></script><script src=\\"polyfills-es5.f6e4f7f783ff74a1064c.js\\" nomodule defer></script><script src=\\"polyfills.d0c730e964885f9a4565.js\\" defer></script><script src=\\"main.7edd871a85d25d3e4afb.js\\" defer></script></body>
</html>
"
`;
